Microsoft Windows [Version 10.0.18363.1556]
(c) 2019 Microsoft Corporation. All rights reserved.

C:\Users\djay1>cd desktop

C:\Users\djay1\Desktop>cd Project

C:\Users\djay1\Desktop\Project>git add .

C:\Users\djay1\Desktop\Project>git commit -m "Static pages are integrated with contact form"
[master (root-commit) 4957cf2] Static pages are integrated with contact form
 406 files changed, 73163 insertions(+)
 create mode 100644 HelperlandProject/.vs/HelperlandProject/DesignTimeBuild/.dtbcache.v2
 create mode 100644 HelperlandProject/.vs/HelperlandProject/config/applicationhost.config
 create mode 100644 HelperlandProject/.vs/HelperlandProject/v16/.suo
 create mode 100644 HelperlandProject/HelperlandProject.sln
 create mode 100644 HelperlandProject/HelperlandProject/Controllers/HomeController.cs
 create mode 100644 HelperlandProject/HelperlandProject/Controllers/StartingController.cs
 create mode 100644 HelperlandProject/HelperlandProject/Data/HelperlanddContext.cs
 create mode 100644 HelperlandProject/HelperlandProject/HelperlandProject.csproj
 create mode 100644 HelperlandProject/HelperlandProject/HelperlandProject.csproj.user
 create mode 100644 HelperlandProject/HelperlandProject/Models/Ayy.cs
 create mode 100644 HelperlandProject/HelperlandProject/Models/Contactu.cs
 create mode 100644 HelperlandProject/HelperlandProject/Models/ErrorViewModel.cs
 create mode 100644 HelperlandProject/HelperlandProject/Program.cs
 create mode 100644 HelperlandProject/HelperlandProject/Properties/launchSettings.json
 create mode 100644 HelperlandProject/HelperlandProject/Startup.cs
 create mode 100644 HelperlandProject/HelperlandProject/Views/Home/Index.cshtml
 create mode 100644 HelperlandProject/HelperlandProject/Views/Home/Privacy.cshtml
 create mode 100644 HelperlandProject/HelperlandProject/Views/Shared/Error.cshtml
 create mode 100644 HelperlandProject/HelperlandProject/Views/Shared/_Layout.cshtml
 create mode 100644 HelperlandProject/HelperlandProject/Views/Shared/_ValidationScriptsPartial.cshtml
 create mode 100644 HelperlandProject/HelperlandProject/Views/Starting/About.cshtml
 create mode 100644 HelperlandProject/HelperlandProject/Views/Starting/Contact.cshtml
 create mode 100644 HelperlandProject/HelperlandProject/Views/Starting/Faqs.cshtml
 create mode 100644 HelperlandProject/HelperlandProject/Views/Starting/Index.cshtml
 create mode 100644 HelperlandProject/HelperlandProject/Views/Starting/NewAccount.cshtml
 create mode 100644 HelperlandProject/HelperlandProject/Views/Starting/Prices.cshtml
 create mode 100644 HelperlandProject/HelperlandProject/Views/_ViewImports.cshtml
 create mode 100644 HelperlandProject/HelperlandProject/Views/_ViewStart.cshtml
 create mode 100644 HelperlandProject/HelperlandProject/appsettings.Development.json
 create mode 100644 HelperlandProject/HelperlandProject/appsettings.json
 create mode 100644 HelperlandProject/HelperlandProject/bin/Debug/netcoreapp3.1/HelperlandProject.Views.dll
 create mode 100644 HelperlandProject/HelperlandProject/bin/Debug/netcoreapp3.1/HelperlandProject.Views.pdb
 create mode 100644 HelperlandProject/HelperlandProject/bin/Debug/netcoreapp3.1/HelperlandProject.deps.json
 create mode 100644 HelperlandProject/HelperlandProject/bin/Debug/netcoreapp3.1/HelperlandProject.dll
 create mode 100644 HelperlandProject/HelperlandProject/bin/Debug/netcoreapp3.1/HelperlandProject.exe
 create mode 100644 HelperlandProject/HelperlandProject/bin/Debug/netcoreapp3.1/HelperlandProject.pdb
 create mode 100644 HelperlandProject/HelperlandProject/bin/Debug/netcoreapp3.1/HelperlandProject.runtimeconfig.dev.json
 create mode 100644 HelperlandProject/HelperlandProject/bin/Debug/netcoreapp3.1/HelperlandProject.runtimeconfig.json
 create mode 100644 HelperlandProject/HelperlandProject/bin/Debug/netcoreapp3.1/Microsoft.AspNetCore.Razor.Language.dll
 create mode 100644 HelperlandProject/HelperlandProject/bin/Debug/netcoreapp3.1/Microsoft.Bcl.AsyncInterfaces.dll
 create mode 100644 HelperlandProject/HelperlandProject/bin/Debug/netcoreapp3.1/Microsoft.Bcl.HashCode.dll
 create mode 100644 HelperlandProject/HelperlandProject/bin/Debug/netcoreapp3.1/Microsoft.CodeAnalysis.CSharp.Workspaces.dll
 create mode 100644 HelperlandProject/HelperlandProject/bin/Debug/netcoreapp3.1/Microsoft.CodeAnalysis.CSharp.dll
 create mode 100644 HelperlandProject/HelperlandProject/bin/Debug/netcoreapp3.1/Microsoft.CodeAnalysis.Razor.dll
 create mode 100644 HelperlandProject/HelperlandProject/bin/Debug/netcoreapp3.1/Microsoft.CodeAnalysis.Workspaces.dll
 create mode 100644 HelperlandProject/HelperlandProject/bin/Debug/netcoreapp3.1/Microsoft.CodeAnalysis.dll
 create mode 100644 HelperlandProject/HelperlandProject/bin/Debug/netcoreapp3.1/Microsoft.Data.SqlClient.dll
 create mode 100644 HelperlandProject/HelperlandProject/bin/Debug/netcoreapp3.1/Microsoft.EntityFrameworkCore.Abstractions.dll
 create mode 100644 HelperlandProject/HelperlandProject/bin/Debug/netcoreapp3.1/Microsoft.EntityFrameworkCore.Design.dll
 create mode 100644 HelperlandProject/HelperlandProject/bin/Debug/netcoreapp3.1/Microsoft.EntityFrameworkCore.Relational.dll
 create mode 100644 HelperlandProject/HelperlandProject/bin/Debug/netcoreapp3.1/Microsoft.EntityFrameworkCore.SqlServer.dll
 create mode 100644 HelperlandProject/HelperlandProject/bin/Debug/netcoreapp3.1/Microsoft.EntityFrameworkCore.dll
 create mode 100644 HelperlandProject/HelperlandProject/bin/Debug/netcoreapp3.1/Microsoft.Extensions.Caching.Abstractions.dll
 create mode 100644 HelperlandProject/HelperlandProject/bin/Debug/netcoreapp3.1/Microsoft.Extensions.Caching.Memory.dll
 create mode 100644 HelperlandProject/HelperlandProject/bin/Debug/netcoreapp3.1/Microsoft.Extensions.Configuration.Abstractions.dll
 create mode 100644 HelperlandProject/HelperlandProject/bin/Debug/netcoreapp3.1/Microsoft.Extensions.Configuration.Binder.dll
 create mode 100644 HelperlandProject/HelperlandProject/bin/Debug/netcoreapp3.1/Microsoft.Extensions.Configuration.dll
 create mode 100644 HelperlandProject/HelperlandProject/bin/Debug/netcoreapp3.1/Microsoft.Extensions.DependencyInjection.Abstractions.dll
 create mode 100644 HelperlandProject/HelperlandProject/bin/Debug/netcoreapp3.1/Microsoft.Extensions.DependencyInjection.dll
 create mode 100644 HelperlandProject/HelperlandProject/bin/Debug/netcoreapp3.1/Microsoft.Extensions.Logging.Abstractions.dll
 create mode 100644 HelperlandProject/HelperlandProject/bin/Debug/netcoreapp3.1/Microsoft.Extensions.Logging.dll
 create mode 100644 HelperlandProject/HelperlandProject/bin/Debug/netcoreapp3.1/Microsoft.Extensions.Options.dll
 create mode 100644 HelperlandProject/HelperlandProject/bin/Debug/netcoreapp3.1/Microsoft.Extensions.Primitives.dll
 create mode 100644 HelperlandProject/HelperlandProject/bin/Debug/netcoreapp3.1/Microsoft.Identity.Client.dll
 create mode 100644 HelperlandProject/HelperlandProject/bin/Debug/netcoreapp3.1/Microsoft.IdentityModel.JsonWebTokens.dll
 create mode 100644 HelperlandProject/HelperlandProject/bin/Debug/netcoreapp3.1/Microsoft.IdentityModel.Logging.dll
 create mode 100644 HelperlandProject/HelperlandProject/bin/Debug/netcoreapp3.1/Microsoft.IdentityModel.Protocols.OpenIdConnect.dll
 create mode 100644 HelperlandProject/HelperlandProject/bin/Debug/netcoreapp3.1/Microsoft.IdentityModel.Protocols.dll
 create mode 100644 HelperlandProject/HelperlandProject/bin/Debug/netcoreapp3.1/Microsoft.IdentityModel.Tokens.dll
 create mode 100644 HelperlandProject/HelperlandProject/bin/Debug/netcoreapp3.1/Microsoft.VisualStudio.Web.CodeGeneration.Contracts.dll
 create mode 100644 HelperlandProject/HelperlandProject/bin/Debug/netcoreapp3.1/Microsoft.VisualStudio.Web.CodeGeneration.Core.dll
 create mode 100644 HelperlandProject/HelperlandProject/bin/Debug/netcoreapp3.1/Microsoft.VisualStudio.Web.CodeGeneration.EntityFrameworkCore.dll
 create mode 100644 HelperlandProject/HelperlandProject/bin/Debug/netcoreapp3.1/Microsoft.VisualStudio.Web.CodeGeneration.Templating.dll
 create mode 100644 HelperlandProject/HelperlandProject/bin/Debug/netcoreapp3.1/Microsoft.VisualStudio.Web.CodeGeneration.Utils.dll
 create mode 100644 HelperlandProject/HelperlandProject/bin/Debug/netcoreapp3.1/Microsoft.VisualStudio.Web.CodeGeneration.dll
 create mode 100644 HelperlandProject/HelperlandProject/bin/Debug/netcoreapp3.1/Microsoft.VisualStudio.Web.CodeGenerators.Mvc.dll
 create mode 100644 HelperlandProject/HelperlandProject/bin/Debug/netcoreapp3.1/Newtonsoft.Json.dll
 create mode 100644 HelperlandProject/HelperlandProject/bin/Debug/netcoreapp3.1/NuGet.Frameworks.dll
 create mode 100644 HelperlandProject/HelperlandProject/bin/Debug/netcoreapp3.1/System.Collections.Immutable.dll
 create mode 100644 HelperlandProject/HelperlandProject/bin/Debug/netcoreapp3.1/System.Composition.AttributedModel.dll
 create mode 100644 HelperlandProject/HelperlandProject/bin/Debug/netcoreapp3.1/System.Composition.Convention.dll
 create mode 100644 HelperlandProject/HelperlandProject/bin/Debug/netcoreapp3.1/System.Composition.Hosting.dll
 create mode 100644 HelperlandProject/HelperlandProject/bin/Debug/netcoreapp3.1/System.Composition.Runtime.dll
 create mode 100644 HelperlandProject/HelperlandProject/bin/Debug/netcoreapp3.1/System.Composition.TypedParts.dll
 create mode 100644 HelperlandProject/HelperlandProject/bin/Debug/netcoreapp3.1/System.Configuration.ConfigurationManager.dll
 create mode 100644 HelperlandProject/HelperlandProject/bin/Debug/netcoreapp3.1/System.Diagnostics.DiagnosticSource.dll
 create mode 100644 HelperlandProject/HelperlandProject/bin/Debug/netcoreapp3.1/System.IdentityModel.Tokens.Jwt.dll
 create mode 100644 HelperlandProject/HelperlandProject/bin/Debug/netcoreapp3.1/System.Runtime.Caching.dll
 create mode 100644 HelperlandProject/HelperlandProject/bin/Debug/netcoreapp3.1/System.Security.Cryptography.ProtectedData.dll
 create mode 100644 HelperlandProject/HelperlandProject/bin/Debug/netcoreapp3.1/appsettings.Development.json
 create mode 100644 HelperlandProject/HelperlandProject/bin/Debug/netcoreapp3.1/appsettings.json
 create mode 100644 HelperlandProject/HelperlandProject/bin/Debug/netcoreapp3.1/cs/Microsoft.CodeAnalysis.CSharp.Workspaces.resources.dll
 create mode 100644 HelperlandProject/HelperlandProject/bin/Debug/netcoreapp3.1/cs/Microsoft.CodeAnalysis.CSharp.resources.dll
 create mode 100644 HelperlandProject/HelperlandProject/bin/Debug/netcoreapp3.1/cs/Microsoft.CodeAnalysis.Workspaces.resources.dll
 create mode 100644 HelperlandProject/HelperlandProject/bin/Debug/netcoreapp3.1/cs/Microsoft.CodeAnalysis.resources.dll
 create mode 100644 HelperlandProject/HelperlandProject/bin/Debug/netcoreapp3.1/de/Microsoft.CodeAnalysis.CSharp.Workspaces.resources.dll
 create mode 100644 HelperlandProject/HelperlandProject/bin/Debug/netcoreapp3.1/de/Microsoft.CodeAnalysis.CSharp.resources.dll
 create mode 100644 HelperlandProject/HelperlandProject/bin/Debug/netcoreapp3.1/de/Microsoft.CodeAnalysis.Workspaces.resources.dll
 create mode 100644 HelperlandProject/HelperlandProject/bin/Debug/netcoreapp3.1/de/Microsoft.CodeAnalysis.resources.dll
 create mode 100644 HelperlandProject/HelperlandProject/bin/Debug/netcoreapp3.1/dotnet-aspnet-codegenerator-design.dll
 create mode 100644 HelperlandProject/HelperlandProject/bin/Debug/netcoreapp3.1/es/Microsoft.CodeAnalysis.CSharp.Workspaces.resources.dll
 create mode 100644 HelperlandProject/HelperlandProject/bin/Debug/netcoreapp3.1/es/Microsoft.CodeAnalysis.CSharp.resources.dll
 create mode 100644 HelperlandProject/HelperlandProject/bin/Debug/netcoreapp3.1/es/Microsoft.CodeAnalysis.Workspaces.resources.dll
 create mode 100644 HelperlandProject/HelperlandProject/bin/Debug/netcoreapp3.1/es/Microsoft.CodeAnalysis.resources.dll
 create mode 100644 HelperlandProject/HelperlandProject/bin/Debug/netcoreapp3.1/fr/Microsoft.CodeAnalysis.CSharp.Workspaces.resources.dll
 create mode 100644 HelperlandProject/HelperlandProject/bin/Debug/netcoreapp3.1/fr/Microsoft.CodeAnalysis.CSharp.resources.dll
 create mode 100644 HelperlandProject/HelperlandProject/bin/Debug/netcoreapp3.1/fr/Microsoft.CodeAnalysis.Workspaces.resources.dll
 create mode 100644 HelperlandProject/HelperlandProject/bin/Debug/netcoreapp3.1/fr/Microsoft.CodeAnalysis.resources.dll
 create mode 100644 HelperlandProject/HelperlandProject/bin/Debug/netcoreapp3.1/it/Microsoft.CodeAnalysis.CSharp.Workspaces.resources.dll
 create mode 100644 HelperlandProject/HelperlandProject/bin/Debug/netcoreapp3.1/it/Microsoft.CodeAnalysis.CSharp.resources.dll
 create mode 100644 HelperlandProject/HelperlandProject/bin/Debug/netcoreapp3.1/it/Microsoft.CodeAnalysis.Workspaces.resources.dll
 create mode 100644 HelperlandProject/HelperlandProject/bin/Debug/netcoreapp3.1/it/Microsoft.CodeAnalysis.resources.dll
 create mode 100644 HelperlandProject/HelperlandProject/bin/Debug/netcoreapp3.1/ja/Microsoft.CodeAnalysis.CSharp.Workspaces.resources.dll
 create mode 100644 HelperlandProject/HelperlandProject/bin/Debug/netcoreapp3.1/ja/Microsoft.CodeAnalysis.CSharp.resources.dll
 create mode 100644 HelperlandProject/HelperlandProject/bin/Debug/netcoreapp3.1/ja/Microsoft.CodeAnalysis.Workspaces.resources.dll
 create mode 100644 HelperlandProject/HelperlandProject/bin/Debug/netcoreapp3.1/ja/Microsoft.CodeAnalysis.resources.dll
 create mode 100644 HelperlandProject/HelperlandProject/bin/Debug/netcoreapp3.1/ko/Microsoft.CodeAnalysis.CSharp.Workspaces.resources.dll
 create mode 100644 HelperlandProject/HelperlandProject/bin/Debug/netcoreapp3.1/ko/Microsoft.CodeAnalysis.CSharp.resources.dll
 create mode 100644 HelperlandProject/HelperlandProject/bin/Debug/netcoreapp3.1/ko/Microsoft.CodeAnalysis.Workspaces.resources.dll
 create mode 100644 HelperlandProject/HelperlandProject/bin/Debug/netcoreapp3.1/ko/Microsoft.CodeAnalysis.resources.dll
 create mode 100644 HelperlandProject/HelperlandProject/bin/Debug/netcoreapp3.1/pl/Microsoft.CodeAnalysis.CSharp.Workspaces.resources.dll
 create mode 100644 HelperlandProject/HelperlandProject/bin/Debug/netcoreapp3.1/pl/Microsoft.CodeAnalysis.CSharp.resources.dll
 create mode 100644 HelperlandProject/HelperlandProject/bin/Debug/netcoreapp3.1/pl/Microsoft.CodeAnalysis.Workspaces.resources.dll
 create mode 100644 HelperlandProject/HelperlandProject/bin/Debug/netcoreapp3.1/pl/Microsoft.CodeAnalysis.resources.dll
 create mode 100644 HelperlandProject/HelperlandProject/bin/Debug/netcoreapp3.1/pt-BR/Microsoft.CodeAnalysis.CSharp.Workspaces.resources.dll
 create mode 100644 HelperlandProject/HelperlandProject/bin/Debug/netcoreapp3.1/pt-BR/Microsoft.CodeAnalysis.CSharp.resources.dll
 create mode 100644 HelperlandProject/HelperlandProject/bin/Debug/netcoreapp3.1/pt-BR/Microsoft.CodeAnalysis.Workspaces.resources.dll
 create mode 100644 HelperlandProject/HelperlandProject/bin/Debug/netcoreapp3.1/pt-BR/Microsoft.CodeAnalysis.resources.dll
 create mode 100644 HelperlandProject/HelperlandProject/bin/Debug/netcoreapp3.1/ru/Microsoft.CodeAnalysis.CSharp.Workspaces.resources.dll
 create mode 100644 HelperlandProject/HelperlandProject/bin/Debug/netcoreapp3.1/ru/Microsoft.CodeAnalysis.CSharp.resources.dll
 create mode 100644 HelperlandProject/HelperlandProject/bin/Debug/netcoreapp3.1/ru/Microsoft.CodeAnalysis.Workspaces.resources.dll
 create mode 100644 HelperlandProject/HelperlandProject/bin/Debug/netcoreapp3.1/ru/Microsoft.CodeAnalysis.resources.dll
 create mode 100644 HelperlandProject/HelperlandProject/bin/Debug/netcoreapp3.1/runtimes/unix/lib/netcoreapp2.0/System.Runtime.Caching.dll
 create mode 100644 HelperlandProject/HelperlandProject/bin/Debug/netcoreapp3.1/runtimes/unix/lib/netcoreapp2.1/Microsoft.Data.SqlClient.dll
 create mode 100644 HelperlandProject/HelperlandProject/bin/Debug/netcoreapp3.1/runtimes/win-arm64/native/sni.dll
 create mode 100644 HelperlandProject/HelperlandProject/bin/Debug/netcoreapp3.1/runtimes/win-x64/native/sni.dll
 create mode 100644 HelperlandProject/HelperlandProject/bin/Debug/netcoreapp3.1/runtimes/win-x86/native/sni.dll
 create mode 100644 HelperlandProject/HelperlandProject/bin/Debug/netcoreapp3.1/runtimes/win/lib/netcoreapp2.0/System.Runtime.Caching.dll
 create mode 100644 HelperlandProject/HelperlandProject/bin/Debug/netcoreapp3.1/runtimes/win/lib/netcoreapp2.1/Microsoft.Data.SqlClient.dll
 create mode 100644 HelperlandProject/HelperlandProject/bin/Debug/netcoreapp3.1/runtimes/win/lib/netstandard2.0/System.Security.Cryptography.ProtectedData.dll
 create mode 100644 HelperlandProject/HelperlandProject/bin/Debug/netcoreapp3.1/tr/Microsoft.CodeAnalysis.CSharp.Workspaces.resources.dll
 create mode 100644 HelperlandProject/HelperlandProject/bin/Debug/netcoreapp3.1/tr/Microsoft.CodeAnalysis.CSharp.resources.dll
 create mode 100644 HelperlandProject/HelperlandProject/bin/Debug/netcoreapp3.1/tr/Microsoft.CodeAnalysis.Workspaces.resources.dll
 create mode 100644 HelperlandProject/HelperlandProject/bin/Debug/netcoreapp3.1/tr/Microsoft.CodeAnalysis.resources.dll
 create mode 100644 HelperlandProject/HelperlandProject/bin/Debug/netcoreapp3.1/zh-Hans/Microsoft.CodeAnalysis.CSharp.Workspaces.resources.dll
 create mode 100644 HelperlandProject/HelperlandProject/bin/Debug/netcoreapp3.1/zh-Hans/Microsoft.CodeAnalysis.CSharp.resources.dll
 create mode 100644 HelperlandProject/HelperlandProject/bin/Debug/netcoreapp3.1/zh-Hans/Microsoft.CodeAnalysis.Workspaces.resources.dll
 create mode 100644 HelperlandProject/HelperlandProject/bin/Debug/netcoreapp3.1/zh-Hans/Microsoft.CodeAnalysis.resources.dll
 create mode 100644 HelperlandProject/HelperlandProject/bin/Debug/netcoreapp3.1/zh-Hant/Microsoft.CodeAnalysis.CSharp.Workspaces.resources.dll
 create mode 100644 HelperlandProject/HelperlandProject/bin/Debug/netcoreapp3.1/zh-Hant/Microsoft.CodeAnalysis.CSharp.resources.dll
 create mode 100644 HelperlandProject/HelperlandProject/bin/Debug/netcoreapp3.1/zh-Hant/Microsoft.CodeAnalysis.Workspaces.resources.dll
 create mode 100644 HelperlandProject/HelperlandProject/bin/Debug/netcoreapp3.1/zh-Hant/Microsoft.CodeAnalysis.resources.dll
 create mode 100644 HelperlandProject/HelperlandProject/obj/Debug/netcoreapp3.1/.NETCoreApp,Version=v3.1.AssemblyAttributes.cs
 create mode 100644 HelperlandProject/HelperlandProject/obj/Debug/netcoreapp3.1/HelperlandProject.AssemblyInfo.cs
 create mode 100644 HelperlandProject/HelperlandProject/obj/Debug/netcoreapp3.1/HelperlandProject.AssemblyInfoInputs.cache
 create mode 100644 HelperlandProject/HelperlandProject/obj/Debug/netcoreapp3.1/HelperlandProject.GeneratedMSBuildEditorConfig.editorconfig
 create mode 100644 HelperlandProject/HelperlandProject/obj/Debug/netcoreapp3.1/HelperlandProject.MvcApplicationPartsAssemblyInfo.cache
 create mode 100644 HelperlandProject/HelperlandProject/obj/Debug/netcoreapp3.1/HelperlandProject.RazorAssemblyInfo.cache
 create mode 100644 HelperlandProject/HelperlandProject/obj/Debug/netcoreapp3.1/HelperlandProject.RazorAssemblyInfo.cs
 create mode 100644 HelperlandProject/HelperlandProject/obj/Debug/netcoreapp3.1/HelperlandProject.RazorCoreGenerate.cache
 create mode 100644 HelperlandProject/HelperlandProject/obj/Debug/netcoreapp3.1/HelperlandProject.RazorTargetAssemblyInfo.cache
 create mode 100644 HelperlandProject/HelperlandProject/obj/Debug/netcoreapp3.1/HelperlandProject.RazorTargetAssemblyInfo.cs
 create mode 100644 HelperlandProject/HelperlandProject/obj/Debug/netcoreapp3.1/HelperlandProject.TagHelpers.input.cache
 create mode 100644 HelperlandProject/HelperlandProject/obj/Debug/netcoreapp3.1/HelperlandProject.TagHelpers.output.cache
 create mode 100644 HelperlandProject/HelperlandProject/obj/Debug/netcoreapp3.1/HelperlandProject.Views.dll
 create mode 100644 HelperlandProject/HelperlandProject/obj/Debug/netcoreapp3.1/HelperlandProject.Views.pdb
 create mode 100644 HelperlandProject/HelperlandProject/obj/Debug/netcoreapp3.1/HelperlandProject.assets.cache
 create mode 100644 HelperlandProject/HelperlandProject/obj/Debug/netcoreapp3.1/HelperlandProject.csproj.AssemblyReference.cache
 create mode 100644 HelperlandProject/HelperlandProject/obj/Debug/netcoreapp3.1/HelperlandProject.csproj.CopyComplete
 create mode 100644 HelperlandProject/HelperlandProject/obj/Debug/netcoreapp3.1/HelperlandProject.csproj.CoreCompileInputs.cache
 create mode 100644 HelperlandProject/HelperlandProject/obj/Debug/netcoreapp3.1/HelperlandProject.csproj.FileListAbsolute.txt
 create mode 100644 HelperlandProject/HelperlandProject/obj/Debug/netcoreapp3.1/HelperlandProject.dll
 create mode 100644 HelperlandProject/HelperlandProject/obj/Debug/netcoreapp3.1/HelperlandProject.genruntimeconfig.cache
 create mode 100644 HelperlandProject/HelperlandProject/obj/Debug/netcoreapp3.1/HelperlandProject.pdb
 create mode 100644 HelperlandProject/HelperlandProject/obj/Debug/netcoreapp3.1/Razor/Views/Home/Index.cshtml.g.cs
 create mode 100644 HelperlandProject/HelperlandProject/obj/Debug/netcoreapp3.1/Razor/Views/Home/Privacy.cshtml.g.cs
 create mode 100644 HelperlandProject/HelperlandProject/obj/Debug/netcoreapp3.1/Razor/Views/Shared/Error.cshtml.g.cs
 create mode 100644 HelperlandProject/HelperlandProject/obj/Debug/netcoreapp3.1/Razor/Views/Shared/_Layout.cshtml.g.cs
 create mode 100644 HelperlandProject/HelperlandProject/obj/Debug/netcoreapp3.1/Razor/Views/Shared/_ValidationScriptsPartial.cshtml.g.cs
 create mode 100644 HelperlandProject/HelperlandProject/obj/Debug/netcoreapp3.1/Razor/Views/Starting/About.cshtml.g.cs
 create mode 100644 HelperlandProject/HelperlandProject/obj/Debug/netcoreapp3.1/Razor/Views/Starting/Contact.cshtml.g.cs
 create mode 100644 HelperlandProject/HelperlandProject/obj/Debug/netcoreapp3.1/Razor/Views/Starting/Faqs.cshtml.g.cs
 create mode 100644 HelperlandProject/HelperlandProject/obj/Debug/netcoreapp3.1/Razor/Views/Starting/Index.cshtml.g.cs
 create mode 100644 HelperlandProject/HelperlandProject/obj/Debug/netcoreapp3.1/Razor/Views/Starting/NewAccount.cshtml.g.cs
 create mode 100644 HelperlandProject/HelperlandProject/obj/Debug/netcoreapp3.1/Razor/Views/Starting/Prices.cshtml.g.cs
 create mode 100644 HelperlandProject/HelperlandProject/obj/Debug/netcoreapp3.1/Razor/Views/_ViewImports.cshtml.g.cs
 create mode 100644 HelperlandProject/HelperlandProject/obj/Debug/netcoreapp3.1/Razor/Views/_ViewStart.cshtml.g.cs
 create mode 100644 HelperlandProject/HelperlandProject/obj/Debug/netcoreapp3.1/apphost.exe
 create mode 100644 HelperlandProject/HelperlandProject/obj/Debug/netcoreapp3.1/staticwebassets/HelperlandProject.StaticWebAssets.Manifest.cache
 create mode 100644 HelperlandProject/HelperlandProject/obj/HelperlandProject.csproj.nuget.dgspec.json
 create mode 100644 HelperlandProject/HelperlandProject/obj/HelperlandProject.csproj.nuget.g.props
 create mode 100644 HelperlandProject/HelperlandProject/obj/HelperlandProject.csproj.nuget.g.targets
 create mode 100644 HelperlandProject/HelperlandProject/obj/project.assets.json
 create mode 100644 HelperlandProject/HelperlandProject/obj/project.nuget.cache
 create mode 100644 HelperlandProject/HelperlandProject/wwwroot/css/About.css
 create mode 100644 HelperlandProject/HelperlandProject/wwwroot/css/Contact.css
 create mode 100644 HelperlandProject/HelperlandProject/wwwroot/css/Prices.css
 create mode 100644 HelperlandProject/HelperlandProject/wwwroot/css/ServiceDashboard.css
 create mode 100644 HelperlandProject/HelperlandProject/wwwroot/css/ServiceProvider.css
 create mode 100644 HelperlandProject/HelperlandProject/wwwroot/css/ServiceRequests.css
 create mode 100644 HelperlandProject/HelperlandProject/wwwroot/css/Upcoming.css
 create mode 100644 HelperlandProject/HelperlandProject/wwwroot/css/bookService.css
 create mode 100644 HelperlandProject/HelperlandProject/wwwroot/css/faqstyle.css
 create mode 100644 HelperlandProject/HelperlandProject/wwwroot/css/homestyle.css
 create mode 100644 HelperlandProject/HelperlandProject/wwwroot/css/manage.css
 create mode 100644 HelperlandProject/HelperlandProject/wwwroot/css/site.css
 create mode 100644 HelperlandProject/HelperlandProject/wwwroot/css/userNewAccount.css
 create mode 100644 HelperlandProject/HelperlandProject/wwwroot/favicon.ico
 create mode 100644 HelperlandProject/HelperlandProject/wwwroot/images/1-1.png
 create mode 100644 HelperlandProject/HelperlandProject/wwwroot/images/1.jpg
 create mode 100644 HelperlandProject/HelperlandProject/wwwroot/images/101.png
 create mode 100644 HelperlandProject/HelperlandProject/wwwroot/images/11.png
 create mode 100644 HelperlandProject/HelperlandProject/wwwroot/images/2.jpg
 create mode 100644 HelperlandProject/HelperlandProject/wwwroot/images/201.png
 create mode 100644 HelperlandProject/HelperlandProject/wwwroot/images/22.png
 create mode 100644 HelperlandProject/HelperlandProject/wwwroot/images/222.png
 create mode 100644 HelperlandProject/HelperlandProject/wwwroot/images/3.jpg
 create mode 100644 HelperlandProject/HelperlandProject/wwwroot/images/301.png
 create mode 100644 HelperlandProject/HelperlandProject/wwwroot/images/33.png
 create mode 100644 HelperlandProject/HelperlandProject/wwwroot/images/333.png
 create mode 100644 HelperlandProject/HelperlandProject/wwwroot/images/401.png
 create mode 100644 HelperlandProject/HelperlandProject/wwwroot/images/501.png
 create mode 100644 HelperlandProject/HelperlandProject/wwwroot/images/55.png
 create mode 100644 HelperlandProject/HelperlandProject/wwwroot/images/555.png
 create mode 100644 HelperlandProject/HelperlandProject/wwwroot/images/601.png
 create mode 100644 HelperlandProject/HelperlandProject/wwwroot/images/66.png
 create mode 100644 HelperlandProject/HelperlandProject/wwwroot/images/666.png
 create mode 100644 HelperlandProject/HelperlandProject/wwwroot/images/701.png
 create mode 100644 HelperlandProject/HelperlandProject/wwwroot/images/77.png
 create mode 100644 HelperlandProject/HelperlandProject/wwwroot/images/777.png
 create mode 100644 HelperlandProject/HelperlandProject/wwwroot/images/801.png
 create mode 100644 HelperlandProject/HelperlandProject/wwwroot/images/88.png
 create mode 100644 HelperlandProject/HelperlandProject/wwwroot/images/888.png
 create mode 100644 HelperlandProject/HelperlandProject/wwwroot/images/about-top.jpg
 create mode 100644 HelperlandProject/HelperlandProject/wwwroot/images/addNew.png
 create mode 100644 HelperlandProject/HelperlandProject/wwwroot/images/admin-user.png
 create mode 100644 HelperlandProject/HelperlandProject/wwwroot/images/arr.png
 create mode 100644 HelperlandProject/HelperlandProject/wwwroot/images/arr.svg
 create mode 100644 HelperlandProject/HelperlandProject/wwwroot/images/arrow.svg
 create mode 100644 HelperlandProject/HelperlandProject/wwwroot/images/avatar-car.png
 create mode 100644 HelperlandProject/HelperlandProject/wwwroot/images/avatar-female.png
 create mode 100644 HelperlandProject/HelperlandProject/wwwroot/images/avatar-hat.png
 create mode 100644 HelperlandProject/HelperlandProject/wwwroot/images/avatar-iron.png
 create mode 100644 HelperlandProject/HelperlandProject/wwwroot/images/avatar-male.png
 create mode 100644 HelperlandProject/HelperlandProject/wwwroot/images/avatar-ship.png
 create mode 100644 HelperlandProject/HelperlandProject/wwwroot/images/background.jpg
 create mode 100644 HelperlandProject/HelperlandProject/wwwroot/images/bell.png
 create mode 100644 HelperlandProject/HelperlandProject/wwwroot/images/blog-bg.png
 create mode 100644 HelperlandProject/HelperlandProject/wwwroot/images/blog-left-bg.png
 create mode 100644 HelperlandProject/HelperlandProject/wwwroot/images/blog-right-bg.png
 create mode 100644 HelperlandProject/HelperlandProject/wwwroot/images/book-service-banner.jpg
 create mode 100644 HelperlandProject/HelperlandProject/wwwroot/images/book.svg
 create mode 100644 HelperlandProject/HelperlandProject/wwwroot/images/cal.png
 create mode 100644 HelperlandProject/HelperlandProject/wwwroot/images/calculator.png
 create mode 100644 HelperlandProject/HelperlandProject/wwwroot/images/calender.png
 create mode 100644 HelperlandProject/HelperlandProject/wwwroot/images/cap.png
 create mode 100644 HelperlandProject/HelperlandProject/wwwroot/images/captcha.png
 create mode 100644 HelperlandProject/HelperlandProject/wwwroot/images/circle.svg
 create mode 100644 HelperlandProject/HelperlandProject/wwwroot/images/clock.png
 create mode 100644 HelperlandProject/HelperlandProject/wwwroot/images/delete-icon.png
 create mode 100644 HelperlandProject/HelperlandProject/wwwroot/images/desk.svg
 create mode 100644 HelperlandProject/HelperlandProject/wwwroot/images/downarrow.svg
 create mode 100644 HelperlandProject/HelperlandProject/wwwroot/images/edit-icon.png
 create mode 100644 HelperlandProject/HelperlandProject/wwwroot/images/ellipse-525.png
 create mode 100644 HelperlandProject/HelperlandProject/wwwroot/images/ellipse-525@2x.png
 create mode 100644 HelperlandProject/HelperlandProject/wwwroot/images/ellipse-525@3x.png
 create mode 100644 HelperlandProject/HelperlandProject/wwwroot/images/facebook.svg
 create mode 100644 HelperlandProject/HelperlandProject/wwwroot/images/faq-banner.png
 create mode 100644 HelperlandProject/HelperlandProject/wwwroot/images/favicon_img.png
 create mode 100644 HelperlandProject/HelperlandProject/wwwroot/images/fb.svg
 create mode 100644 HelperlandProject/HelperlandProject/wwwroot/images/flag.png
 create mode 100644 HelperlandProject/HelperlandProject/wwwroot/images/flag@2x.png
 create mode 100644 HelperlandProject/HelperlandProject/wwwroot/images/flag@3x.jpg
 create mode 100644 HelperlandProject/HelperlandProject/wwwroot/images/flag@3x.png
 create mode 100644 HelperlandProject/HelperlandProject/wwwroot/images/forma-1-1.png
 create mode 100644 HelperlandProject/HelperlandProject/wwwroot/images/forma-1-copy-10(1).svg
 create mode 100644 HelperlandProject/HelperlandProject/wwwroot/images/forma-1-copy-5.png
 create mode 100644 HelperlandProject/HelperlandProject/wwwroot/images/forma-1-copy.png
 create mode 100644 HelperlandProject/HelperlandProject/wwwroot/images/forma-1-copy.svg
 create mode 100644 HelperlandProject/HelperlandProject/wwwroot/images/forma-1-copy@2x.png
 create mode 100644 HelperlandProject/HelperlandProject/wwwroot/images/forma-1-copy@3x.png
 create mode 100644 HelperlandProject/HelperlandProject/wwwroot/images/forma-1-tick.png
 create mode 100644 HelperlandProject/HelperlandProject/wwwroot/images/forma-1.png
 create mode 100644 HelperlandProject/HelperlandProject/wwwroot/images/forma-1.svg
 create mode 100644 HelperlandProject/HelperlandProject/wwwroot/images/forma-1@2x-1.png
 create mode 100644 HelperlandProject/HelperlandProject/wwwroot/images/forma-1@2x.png
 create mode 100644 HelperlandProject/HelperlandProject/wwwroot/images/forma-1@3x-1.png
 create mode 100644 HelperlandProject/HelperlandProject/wwwroot/images/forma-1@3x.png
 create mode 100644 HelperlandProject/HelperlandProject/wwwroot/images/group-100.png
 create mode 100644 HelperlandProject/HelperlandProject/wwwroot/images/group-16.png
 create mode 100644 HelperlandProject/HelperlandProject/wwwroot/images/group-18.png
 create mode 100644 HelperlandProject/HelperlandProject/wwwroot/images/group-18_5.png
 create mode 100644 HelperlandProject/HelperlandProject/wwwroot/images/group-22.png
 create mode 100644 HelperlandProject/HelperlandProject/wwwroot/images/group-22@2x.png
 create mode 100644 HelperlandProject/HelperlandProject/wwwroot/images/group-22@3x.png
 create mode 100644 HelperlandProject/HelperlandProject/wwwroot/images/group-23.png
 create mode 100644 HelperlandProject/HelperlandProject/wwwroot/images/group-24.png
 create mode 100644 HelperlandProject/HelperlandProject/wwwroot/images/group-28.png
 create mode 100644 HelperlandProject/HelperlandProject/wwwroot/images/group-29.png
 create mode 100644 HelperlandProject/HelperlandProject/wwwroot/images/group-30.png
 create mode 100644 HelperlandProject/HelperlandProject/wwwroot/images/group-31.png
 create mode 100644 HelperlandProject/HelperlandProject/wwwroot/images/group-32.png
 create mode 100644 HelperlandProject/HelperlandProject/wwwroot/images/group-33.png
 create mode 100644 HelperlandProject/HelperlandProject/wwwroot/images/group-35.png
 create mode 100644 HelperlandProject/HelperlandProject/wwwroot/images/group-35@2x.png
 create mode 100644 HelperlandProject/HelperlandProject/wwwroot/images/group-35@3x.jpg
 create mode 100644 HelperlandProject/HelperlandProject/wwwroot/images/group-35@3x.png
 create mode 100644 HelperlandProject/HelperlandProject/wwwroot/images/group-36.png
 create mode 100644 HelperlandProject/HelperlandProject/wwwroot/images/helper-img-1-1.png
 create mode 100644 HelperlandProject/HelperlandProject/wwwroot/images/helper-img-1.png
 create mode 100644 HelperlandProject/HelperlandProject/wwwroot/images/hl1.png
 create mode 100644 HelperlandProject/HelperlandProject/wwwroot/images/hl2.png
 create mode 100644 HelperlandProject/HelperlandProject/wwwroot/images/hl3.png
 create mode 100644 HelperlandProject/HelperlandProject/wwwroot/images/home.png
 create mode 100644 HelperlandProject/HelperlandProject/wwwroot/images/ic-facebook.png
 create mode 100644 HelperlandProject/HelperlandProject/wwwroot/images/ic-instagram.png
 create mode 100644 HelperlandProject/HelperlandProject/wwwroot/images/insta.svg
 create mode 100644 HelperlandProject/HelperlandProject/wwwroot/images/instagram.svg
 create mode 100644 HelperlandProject/HelperlandProject/wwwroot/images/invoice.png
 create mode 100644 HelperlandProject/HelperlandProject/wwwroot/images/keyboard-right-arrow-button-copy.png
 create mode 100644 HelperlandProject/HelperlandProject/wwwroot/images/keyboard-right-arrow-button.png
 create mode 100644 HelperlandProject/HelperlandProject/wwwroot/images/keyboard-right-arrow-button.svg
 create mode 100644 HelperlandProject/HelperlandProject/wwwroot/images/large.png
 create mode 100644 HelperlandProject/HelperlandProject/wwwroot/images/layer-598.png
 create mode 100644 HelperlandProject/HelperlandProject/wwwroot/images/left.svg
 create mode 100644 HelperlandProject/HelperlandProject/wwwroot/images/lineee.png
 create mode 100644 HelperlandProject/HelperlandProject/wwwroot/images/locationn.png
 create mode 100644 HelperlandProject/HelperlandProject/wwwroot/images/lock.png
 create mode 100644 HelperlandProject/HelperlandProject/wwwroot/images/logout.png
 create mode 100644 HelperlandProject/HelperlandProject/wwwroot/images/mapp.png
 create mode 100644 HelperlandProject/HelperlandProject/wwwroot/images/message.png
 create mode 100644 HelperlandProject/HelperlandProject/wwwroot/images/message.svg
 create mode 100644 HelperlandProject/HelperlandProject/wwwroot/images/mop.svg
 create mode 100644 HelperlandProject/HelperlandProject/wwwroot/images/msgg.png
 create mode 100644 HelperlandProject/HelperlandProject/wwwroot/images/phonecall.png
 create mode 100644 HelperlandProject/HelperlandProject/wwwroot/images/pic1.png
 create mode 100644 HelperlandProject/HelperlandProject/wwwroot/images/pic2.png
 create mode 100644 HelperlandProject/HelperlandProject/wwwroot/images/pic3.png
 create mode 100644 HelperlandProject/HelperlandProject/wwwroot/images/plan.png
 create mode 100644 HelperlandProject/HelperlandProject/wwwroot/images/price-1.jpg
 create mode 100644 HelperlandProject/HelperlandProject/wwwroot/images/price-2.jpg
 create mode 100644 HelperlandProject/HelperlandProject/wwwroot/images/price-3.jpg
 create mode 100644 HelperlandProject/HelperlandProject/wwwroot/images/prices-top.jpg
 create mode 100644 HelperlandProject/HelperlandProject/wwwroot/images/right.png
 create mode 100644 HelperlandProject/HelperlandProject/wwwroot/images/separator.png
 create mode 100644 HelperlandProject/HelperlandProject/wwwroot/images/shape-1.png
 create mode 100644 HelperlandProject/HelperlandProject/wwwroot/images/shape-1@2x.png
 create mode 100644 HelperlandProject/HelperlandProject/wwwroot/images/shape-1@3x.png
 create mode 100644 HelperlandProject/HelperlandProject/wwwroot/images/shape-2.png
 create mode 100644 HelperlandProject/HelperlandProject/wwwroot/images/shape-2.svg
 create mode 100644 HelperlandProject/HelperlandProject/wwwroot/images/small.png
 create mode 100644 HelperlandProject/HelperlandProject/wwwroot/images/sp-arrow-down.png
 create mode 100644 HelperlandProject/HelperlandProject/wwwroot/images/step-arrow-1-copy-2.png
 create mode 100644 HelperlandProject/HelperlandProject/wwwroot/images/step-arrow-1-copy-2@2x.png
 create mode 100644 HelperlandProject/HelperlandProject/wwwroot/images/step-arrow-1-copy-2@3x.png
 create mode 100644 HelperlandProject/HelperlandProject/wwwroot/images/step-arrow-1-copy.png
 create mode 100644 HelperlandProject/HelperlandProject/wwwroot/images/step-arrow-1-copy@2x.png
 create mode 100644 HelperlandProject/HelperlandProject/wwwroot/images/step-arrow-1-copy@3x.png
 create mode 100644 HelperlandProject/HelperlandProject/wwwroot/images/step-arrow-1.png
 create mode 100644 HelperlandProject/HelperlandProject/wwwroot/images/step-arrow-1@2x.png
 create mode 100644 HelperlandProject/HelperlandProject/wwwroot/images/step-arrow-1@3x.png
 create mode 100644 HelperlandProject/HelperlandProject/wwwroot/images/the-best-img-1.png
 create mode 100644 HelperlandProject/HelperlandProject/wwwroot/images/thebest.png
 create mode 100644 HelperlandProject/HelperlandProject/wwwroot/images/uparrow.svg
 create mode 100644 HelperlandProject/HelperlandProject/wwwroot/images/user.png
 create mode 100644 HelperlandProject/HelperlandProject/wwwroot/images/userr.png
 create mode 100644 HelperlandProject/HelperlandProject/wwwroot/images/white-logo-transparent-background.png
 create mode 100644 HelperlandProject/HelperlandProject/wwwroot/images/white-logo-transparent-background@2x.png
 create mode 100644 HelperlandProject/HelperlandProject/wwwroot/images/white-logo-transparent-background@3x.png
 create mode 100644 HelperlandProject/HelperlandProject/wwwroot/js/Upcoming.js
 create mode 100644 HelperlandProject/HelperlandProject/wwwroot/js/cal.js
 create mode 100644 HelperlandProject/HelperlandProject/wwwroot/js/dashh.js
 create mode 100644 HelperlandProject/HelperlandProject/wwwroot/js/site.js
 create mode 100644 HelperlandProject/HelperlandProject/wwwroot/lib/bootstrap/LICENSE
 create mode 100644 HelperlandProject/HelperlandProject/wwwroot/lib/bootstrap/dist/css/bootstrap-grid.css
 create mode 100644 HelperlandProject/HelperlandProject/wwwroot/lib/bootstrap/dist/css/bootstrap-grid.css.map
 create mode 100644 HelperlandProject/HelperlandProject/wwwroot/lib/bootstrap/dist/css/bootstrap-grid.min.css
 create mode 100644 HelperlandProject/HelperlandProject/wwwroot/lib/bootstrap/dist/css/bootstrap-grid.min.css.map
 create mode 100644 HelperlandProject/HelperlandProject/wwwroot/lib/bootstrap/dist/css/bootstrap-reboot.css
 create mode 100644 HelperlandProject/HelperlandProject/wwwroot/lib/bootstrap/dist/css/bootstrap-reboot.css.map
 create mode 100644 HelperlandProject/HelperlandProject/wwwroot/lib/bootstrap/dist/css/bootstrap-reboot.min.css
 create mode 100644 HelperlandProject/HelperlandProject/wwwroot/lib/bootstrap/dist/css/bootstrap-reboot.min.css.map
 create mode 100644 HelperlandProject/HelperlandProject/wwwroot/lib/bootstrap/dist/css/bootstrap.css
 create mode 100644 HelperlandProject/HelperlandProject/wwwroot/lib/bootstrap/dist/css/bootstrap.css.map
 create mode 100644 HelperlandProject/HelperlandProject/wwwroot/lib/bootstrap/dist/css/bootstrap.min.css
 create mode 100644 HelperlandProject/HelperlandProject/wwwroot/lib/bootstrap/dist/css/bootstrap.min.css.map
 create mode 100644 HelperlandProject/HelperlandProject/wwwroot/lib/bootstrap/dist/js/bootstrap.bundle.js
 create mode 100644 HelperlandProject/HelperlandProject/wwwroot/lib/bootstrap/dist/js/bootstrap.bundle.js.map
 create mode 100644 HelperlandProject/HelperlandProject/wwwroot/lib/bootstrap/dist/js/bootstrap.bundle.min.js
 create mode 100644 HelperlandProject/HelperlandProject/wwwroot/lib/bootstrap/dist/js/bootstrap.bundle.min.js.map
 create mode 100644 HelperlandProject/HelperlandProject/wwwroot/lib/bootstrap/dist/js/bootstrap.js
 create mode 100644 HelperlandProject/HelperlandProject/wwwroot/lib/bootstrap/dist/js/bootstrap.js.map
 create mode 100644 HelperlandProject/HelperlandProject/wwwroot/lib/bootstrap/dist/js/bootstrap.min.js
 create mode 100644 HelperlandProject/HelperlandProject/wwwroot/lib/bootstrap/dist/js/bootstrap.min.js.map
 create mode 100644 HelperlandProject/HelperlandProject/wwwroot/lib/jquery-validation-unobtrusive/LICENSE.txt
 create mode 100644 HelperlandProject/HelperlandProject/wwwroot/lib/jquery-validation-unobtrusive/jquery.validate.unobtrusive.js
 create mode 100644 HelperlandProject/HelperlandProject/wwwroot/lib/jquery-validation-unobtrusive/jquery.validate.unobtrusive.min.js
 create mode 100644 HelperlandProject/HelperlandProject/wwwroot/lib/jquery-validation/LICENSE.md
 create mode 100644 HelperlandProject/HelperlandProject/wwwroot/lib/jquery-validation/dist/additional-methods.js
 create mode 100644 HelperlandProject/HelperlandProject/wwwroot/lib/jquery-validation/dist/additional-methods.min.js
 create mode 100644 HelperlandProject/HelperlandProject/wwwroot/lib/jquery-validation/dist/jquery.validate.js
 create mode 100644 HelperlandProject/HelperlandProject/wwwroot/lib/jquery-validation/dist/jquery.validate.min.js
 create mode 100644 HelperlandProject/HelperlandProject/wwwroot/lib/jquery/LICENSE.txt
 create mode 100644 HelperlandProject/HelperlandProject/wwwroot/lib/jquery/dist/jquery.js
 create mode 100644 HelperlandProject/HelperlandProject/wwwroot/lib/jquery/dist/jquery.min.js
 create mode 100644 HelperlandProject/HelperlandProject/wwwroot/lib/jquery/dist/jquery.min.map

C:\Users\djay1\Desktop\Project>git remote add origin "https://github.com/djay1326/HelperLand-All"

C:\Users\djay1\Desktop\Project>git pull
remote: Enumerating objects: 337, done.
remote: Counting objects: 100% (201/201), done.
remote: Compressing objects: 100% (200/200), done.
Receremote: Total 337 (delta 102), reused 0 (delta 0), pack-reused 136                                                  Receiving objects:  78% (263/337), 6.36 MiB | 359.00 KiB/s
Receiving objects: 100% (337/337), 6.44 MiB | 411.00 KiB/s, done.
Resolving deltas: 100% (129/129), done.
From https://github.com/djay1326/HelperLand-All
 * [new branch]      main       -> origin/main
There is no tracking information for the current branch.
Please specify which branch you want to merge with.
See git-pull(1) for details.

    git pull <remote> <branch>

If you wish to set tracking information for this branch you can do so with:

    git branch --set-upstream-to=origin/<branch> master


C:\Users\djay1\Desktop\Project>git pull -u origin
error: unknown switch `u'
usage: git pull [<options>] [<repository> [<refspec>...]]

    -v, --verbose         be more verbose
    -q, --quiet           be more quiet
    --progress            force progress reporting
    --recurse-submodules[=<on-demand>]
                          control for recursive fetching of submodules

Options related to merging
    -r, --rebase[=(false|true|merges|preserve|interactive)]
                          incorporate changes by rebasing rather than merging
    -n                    do not show a diffstat at the end of the merge
    --stat                show a diffstat at the end of the merge
    --log[=<n>]           add (at most <n>) entries from shortlog to merge commit message
    --signoff[=...]       add a Signed-off-by trailer
    --squash              create a single commit instead of doing a merge
    --commit              perform a commit if the merge succeeds (default)
    --edit                edit message before committing
    --cleanup <mode>      how to strip spaces and #comments from message
    --ff                  allow fast-forward
    --ff-only             abort if fast-forward is not possible
    --verify-signatures   verify that the named commit has a valid GPG signature
    --autostash           automatically stash/stash pop before and after
    -s, --strategy <strategy>
                          merge strategy to use
    -X, --strategy-option <option=value>
                          option for selected merge strategy
    -S, --gpg-sign[=<key-id>]
                          GPG sign commit
    --allow-unrelated-histories
                          allow merging unrelated histories

Options related to fetching
    --all                 fetch from all remotes
    -a, --append          append to .git/FETCH_HEAD instead of overwriting
    --upload-pack <path>  path to upload pack on remote end
    -f, --force           force overwrite of local branch
    -t, --tags            fetch all tags and associated objects
    -p, --prune           prune remote-tracking branches no longer on remote
    -j, --jobs[=<n>]      number of submodules pulled in parallel
    --dry-run             dry run
    -k, --keep            keep downloaded pack
    --depth <depth>       deepen history of shallow clone
    --shallow-since <time>
                          deepen history of shallow repository based on time
    --shallow-exclude <revision>
                          deepen history of shallow clone, excluding rev
    --deepen <n>          deepen history of shallow clone
    --unshallow           convert to a complete repository
    --update-shallow      accept refs that update .git/shallow
    --refmap <refmap>     specify fetch refmap
    -o, --server-option <server-specific>
                          option to transmit
    -4, --ipv4            use IPv4 addresses only
    -6, --ipv6            use IPv6 addresses only
    --negotiation-tip <revision>
                          report that we have only objects reachable from this object
    --show-forced-updates
                          check for forced-updates on all updated branches
    --set-upstream        set upstream for git pull/fetch


C:\Users\djay1\Desktop\Project>git pull -u origin master
error: unknown switch `u'
usage: git pull [<options>] [<repository> [<refspec>...]]

    -v, --verbose         be more verbose
    -q, --quiet           be more quiet
    --progress            force progress reporting
    --recurse-submodules[=<on-demand>]
                          control for recursive fetching of submodules

Options related to merging
    -r, --rebase[=(false|true|merges|preserve|interactive)]
                          incorporate changes by rebasing rather than merging
    -n                    do not show a diffstat at the end of the merge
    --stat                show a diffstat at the end of the merge
    --log[=<n>]           add (at most <n>) entries from shortlog to merge commit message
    --signoff[=...]       add a Signed-off-by trailer
    --squash              create a single commit instead of doing a merge
    --commit              perform a commit if the merge succeeds (default)
    --edit                edit message before committing
    --cleanup <mode>      how to strip spaces and #comments from message
    --ff                  allow fast-forward
    --ff-only             abort if fast-forward is not possible
    --verify-signatures   verify that the named commit has a valid GPG signature
    --autostash           automatically stash/stash pop before and after
    -s, --strategy <strategy>
                          merge strategy to use
    -X, --strategy-option <option=value>
                          option for selected merge strategy
    -S, --gpg-sign[=<key-id>]
                          GPG sign commit
    --allow-unrelated-histories
                          allow merging unrelated histories

Options related to fetching
    --all                 fetch from all remotes
    -a, --append          append to .git/FETCH_HEAD instead of overwriting
    --upload-pack <path>  path to upload pack on remote end
    -f, --force           force overwrite of local branch
    -t, --tags            fetch all tags and associated objects
    -p, --prune           prune remote-tracking branches no longer on remote
    -j, --jobs[=<n>]      number of submodules pulled in parallel
    --dry-run             dry run
    -k, --keep            keep downloaded pack
    --depth <depth>       deepen history of shallow clone
    --shallow-since <time>
                          deepen history of shallow repository based on time
    --shallow-exclude <revision>
                          deepen history of shallow clone, excluding rev
    --deepen <n>          deepen history of shallow clone
    --unshallow           convert to a complete repository
    --update-shallow      accept refs that update .git/shallow
    --refmap <refmap>     specify fetch refmap
    -o, --server-option <server-specific>
                          option to transmit
    -4, --ipv4            use IPv4 addresses only
    -6, --ipv6            use IPv6 addresses only
    --negotiation-tip <revision>
                          report that we have only objects reachable from this object
    --show-forced-updates
                          check for forced-updates on all updated branches
    --set-upstream        set upstream for git pull/fetch


C:\Users\djay1\Desktop\Project>git pull origin
You asked to pull from the remote 'origin', but did not specify
a branch. Because this is not the default configured remote
for your current branch, you must specify a branch on the command line.

C:\Users\djay1\Desktop\Project>git pull origin master
fatal: couldn't find remote ref master

C:\Users\djay1\Desktop\Project>git status
On branch master
nothing to commit, working tree clean

C:\Users\djay1\Desktop\Project>git pull "https://github.com/djay1326/HelperLand-All" master
fatal: couldn't find remote ref master

C:\Users\djay1\Desktop\Project>git push -u origin main
error: src refspec main does not match any
error: failed to push some refs to 'https://github.com/djay1326/HelperLand-All'

C:\Users\djay1\Desktop\Project>git pull -u origin main
error: unknown switch `u'
usage: git pull [<options>] [<repository> [<refspec>...]]

    -v, --verbose         be more verbose
    -q, --quiet           be more quiet
    --progress            force progress reporting
    --recurse-submodules[=<on-demand>]
                          control for recursive fetching of submodules

Options related to merging
    -r, --rebase[=(false|true|merges|preserve|interactive)]
                          incorporate changes by rebasing rather than merging
    -n                    do not show a diffstat at the end of the merge
    --stat                show a diffstat at the end of the merge
    --log[=<n>]           add (at most <n>) entries from shortlog to merge commit message
    --signoff[=...]       add a Signed-off-by trailer
    --squash              create a single commit instead of doing a merge
    --commit              perform a commit if the merge succeeds (default)
    --edit                edit message before committing
    --cleanup <mode>      how to strip spaces and #comments from message
    --ff                  allow fast-forward
    --ff-only             abort if fast-forward is not possible
    --verify-signatures   verify that the named commit has a valid GPG signature
    --autostash           automatically stash/stash pop before and after
    -s, --strategy <strategy>
                          merge strategy to use
    -X, --strategy-option <option=value>
                          option for selected merge strategy
    -S, --gpg-sign[=<key-id>]
                          GPG sign commit
    --allow-unrelated-histories
                          allow merging unrelated histories

Options related to fetching
    --all                 fetch from all remotes
    -a, --append          append to .git/FETCH_HEAD instead of overwriting
    --upload-pack <path>  path to upload pack on remote end
    -f, --force           force overwrite of local branch
    -t, --tags            fetch all tags and associated objects
    -p, --prune           prune remote-tracking branches no longer on remote
    -j, --jobs[=<n>]      number of submodules pulled in parallel
    --dry-run             dry run
    -k, --keep            keep downloaded pack
    --depth <depth>       deepen history of shallow clone
    --shallow-since <time>
                          deepen history of shallow repository based on time
    --shallow-exclude <revision>
                          deepen history of shallow clone, excluding rev
    --deepen <n>          deepen history of shallow clone
    --unshallow           convert to a complete repository
    --update-shallow      accept refs that update .git/shallow
    --refmap <refmap>     specify fetch refmap
    -o, --server-option <server-specific>
                          option to transmit
    -4, --ipv4            use IPv4 addresses only
    -6, --ipv6            use IPv6 addresses only
    --negotiation-tip <revision>
                          report that we have only objects reachable from this object
    --show-forced-updates
                          check for forced-updates on all updated branches
    --set-upstream        set upstream for git pull/fetch


C:\Users\djay1\Desktop\Project>git fetch origin main
From https://github.com/djay1326/HelperLand-All
 * branch            main       -> FETCH_HEAD

C:\Users\djay1\Desktop\Project>git merge origin main
merge: origin - not something we can merge

C:\Users\djay1\Desktop\Project>git merge origin/main
fatal: refusing to merge unrelated histories

C:\Users\djay1\Desktop\Project>git status
On branch master
nothing to commit, working tree clean

C:\Users\djay1\Desktop\Project>git pull origin master --allow-unrelated-histories
fatal: couldn't find remote ref master

C:\Users\djay1\Desktop\Project>git remote add origin "https://github.com/djay1326/HelperLand-All"
error: remote origin already exists.

C:\Users\djay1\Desktop\Project>git remote -v
origin  https://github.com/djay1326/HelperLand-All (fetch)
origin  https://github.com/djay1326/HelperLand-All (push)

C:\Users\djay1\Desktop\Project>git pull
There is no tracking information for the current branch.
Please specify which branch you want to merge with.
See git-pull(1) for details.

    git pull <remote> <branch>

If you wish to set tracking information for this branch you can do so with:

    git branch --set-upstream-to=origin/<branch> master


C:\Users\djay1\Desktop\Project>git pull origin main
From https://github.com/djay1326/HelperLand-All
 * branch            main       -> FETCH_HEAD
fatal: refusing to merge unrelated histories

C:\Users\djay1\Desktop\Project>git pull origin main --allow-unrelated-histories
From https://github.com/djay1326/HelperLand-All
 * branch            main       -> FETCH_HEAD
Merge made by the 'recursive' strategy.
 Database/SQL_Schema.xlsx                           |  Bin 0 -> 13723 bytes
 Database/SqlSchemaQueries.sql                      |   46 +
 Database/txt.txt                                   |    1 +
 HelperLand/txt.txt                                 |    1 +
 Html/About.html                                    |  163 +++
 Html/ContactUs.html                                |  226 ++++
 Html/Prices.html                                   |  538 ++++++++
 Html/ServiceDashboard.html                         | 1416 ++++++++++++++++++++
 Html/ServiceProvider.html                          |  272 ++++
 Html/ServiceRequests.html                          |  893 ++++++++++++
 Html/Upcoming.html                                 |  971 ++++++++++++++
 Html/UserManagement.html                           |  412 ++++++
 Html/css/About.css                                 |  198 +++
 Html/css/Contact.css                               |  370 +++++
 Html/css/Prices.css                                |  383 ++++++
 Html/css/ServiceDashboard.css                      |  716 ++++++++++
 Html/css/ServiceProvider.css                       | 1104 +++++++++++++++
 Html/css/ServiceRequests.css                       |  333 +++++
 Html/css/Upcoming.css                              |  597 +++++++++
 Html/css/faqstyle.css                              |  498 +++++++
 Html/css/homestyle.css                             |  871 ++++++++++++
 Html/css/manage.css                                |  230 ++++
 Html/faq.html                                      |  478 +++++++
 Html/homepage.html                                 |  481 +++++++
 Html/images/101.png                                |  Bin 0 -> 216 bytes
 Html/images/201.png                                |  Bin 0 -> 465 bytes
 Html/images/22.png                                 |  Bin 0 -> 241 bytes
 Html/images/222.png                                |  Bin 0 -> 239 bytes
 Html/images/301.png                                |  Bin 0 -> 184 bytes
 Html/images/33.png                                 |  Bin 0 -> 522 bytes
 Html/images/333.png                                |  Bin 0 -> 643 bytes
 Html/images/401.png                                |  Bin 0 -> 363 bytes
 Html/images/501.png                                |  Bin 0 -> 196 bytes
 Html/images/55.png                                 |  Bin 0 -> 238 bytes
 Html/images/555.png                                |  Bin 0 -> 295 bytes
 Html/images/601.png                                |  Bin 0 -> 41648 bytes
 Html/images/66.png                                 |  Bin 0 -> 118354 bytes
 Html/images/666.png                                |  Bin 0 -> 240373 bytes
 Html/images/701.png                                |  Bin 0 -> 35369 bytes
 Html/images/77.png                                 |  Bin 0 -> 124475 bytes
 Html/images/777.png                                |  Bin 0 -> 262949 bytes
 Html/images/801.png                                |  Bin 0 -> 33716 bytes
 Html/images/88.png                                 |  Bin 0 -> 142469 bytes
 Html/images/888.png                                |  Bin 0 -> 295293 bytes
 Html/images/about-top.jpg                          |  Bin 0 -> 478058 bytes
 Html/images/addNew.png                             |  Bin 0 -> 574 bytes
 Html/images/admin-user.png                         |  Bin 0 -> 589 bytes
 Html/images/arr.png                                |  Bin 0 -> 315 bytes
 Html/images/background.jpg                         |  Bin 0 -> 376554 bytes
 Html/images/bell.png                               |  Bin 0 -> 966 bytes
 Html/images/blog-bg.png                            |  Bin 0 -> 102509 bytes
 Html/images/blog-left-bg.png                       |  Bin 0 -> 15638 bytes
 Html/images/blog-right-bg.png                      |  Bin 0 -> 13533 bytes
 Html/images/cal.png                                |  Bin 0 -> 242 bytes
 Html/images/calculator.png                         |  Bin 0 -> 899 bytes
 Html/images/calender.png                           |  Bin 0 -> 899 bytes
 Html/images/cap.png                                |  Bin 0 -> 568 bytes
 Html/images/captcha.png                            |  Bin 0 -> 1887 bytes
 Html/images/clock.png                              |  Bin 0 -> 474 bytes
 Html/images/ellipse-525.png                        |  Bin 0 -> 388 bytes
 Html/images/ellipse-525@2x.png                     |  Bin 0 -> 729 bytes
 Html/images/ellipse-525@3x.png                     |  Bin 0 -> 907 bytes
 Html/images/facebook.svg                           |    3 +
 Html/images/faq-banner.png                         |  Bin 0 -> 166970 bytes
 Html/images/favicon_img.png                        |  Bin 0 -> 3911 bytes
 Html/images/flag.png                               |  Bin 0 -> 1235 bytes
 Html/images/flag@2x.png                            |  Bin 0 -> 4177 bytes
 Html/images/flag@3x.png                            |  Bin 0 -> 7991 bytes
 Html/images/forma-1-1.png                          |  Bin 0 -> 721 bytes
 Html/images/forma-1-copy-10(1).svg                 |    3 +
 Html/images/forma-1-copy-5.png                     |  Bin 0 -> 279 bytes
 Html/images/forma-1-copy.png                       |  Bin 0 -> 619 bytes
 Html/images/forma-1-copy@2x.png                    |  Bin 0 -> 1001 bytes
 Html/images/forma-1-copy@3x.png                    |  Bin 0 -> 1319 bytes
 Html/images/forma-1-tick.png                       |  Bin 0 -> 313 bytes
 Html/images/forma-1.png                            |  Bin 0 -> 870 bytes
 Html/images/forma-1@2x-1.png                       |  Bin 0 -> 1350 bytes
 Html/images/forma-1@2x.png                         |  Bin 0 -> 1683 bytes
 Html/images/forma-1@3x-1.png                       |  Bin 0 -> 1857 bytes
 Html/images/forma-1@3x.png                         |  Bin 0 -> 2442 bytes
 Html/images/group-100.png                          |  Bin 0 -> 159 bytes
 Html/images/group-16.png                           |  Bin 0 -> 249661 bytes
 Html/images/group-18.png                           |  Bin 0 -> 291438 bytes
 Html/images/group-18_5.png                         |  Bin 0 -> 450 bytes
 Html/images/group-22.png                           |  Bin 0 -> 763 bytes
 Html/images/group-22@2x.png                        |  Bin 0 -> 1839 bytes
 Html/images/group-22@3x.png                        |  Bin 0 -> 3172 bytes
 Html/images/group-23.png                           |  Bin 0 -> 43694 bytes
 Html/images/group-24.png                           |  Bin 0 -> 57502 bytes
 Html/images/group-28.png                           |  Bin 0 -> 32784 bytes
 Html/images/group-29.png                           |  Bin 0 -> 29758 bytes
 Html/images/group-30.png                           |  Bin 0 -> 33853 bytes
 Html/images/group-31.png                           |  Bin 0 -> 3653 bytes
 Html/images/group-32.png                           |  Bin 0 -> 3406 bytes
 Html/images/group-33.png                           |  Bin 0 -> 3908 bytes
 Html/images/group-35.png                           |  Bin 0 -> 209849 bytes
 Html/images/group-35@2x.png                        |  Bin 0 -> 754457 bytes
 Html/images/group-35@3x.png                        |  Bin 0 -> 1620356 bytes
 Html/images/group-36.png                           |  Bin 0 -> 264458 bytes
 Html/images/helper-img-1-1.png                     |  Bin 0 -> 168150 bytes
 Html/images/helper-img-1.png                       |  Bin 0 -> 186592 bytes
 Html/images/home.png                               |  Bin 0 -> 549 bytes
 Html/images/ic-facebook.png                        |  Bin 0 -> 181 bytes
 Html/images/ic-instagram.png                       |  Bin 0 -> 516 bytes
 Html/images/instagram.svg                          |    3 +
 Html/images/invoice.png                            |  Bin 0 -> 1735 bytes
 Html/images/keyboard-right-arrow-button-copy.png   |  Bin 0 -> 196 bytes
 Html/images/keyboard-right-arrow-button.png        |  Bin 0 -> 253 bytes
 Html/images/layer-598.png                          |  Bin 0 -> 1250 bytes
 Html/images/lineee.png                             |  Bin 0 -> 209 bytes
 Html/images/locationn.png                          |  Bin 0 -> 609 bytes
 Html/images/logout.png                             |  Bin 0 -> 413 bytes
 Html/images/mapp.png                               |  Bin 0 -> 68124 bytes
 Html/images/message.png                            |  Bin 0 -> 511 bytes
 Html/images/msgg.png                               |  Bin 0 -> 457 bytes
 Html/images/phonecall.png                          |  Bin 0 -> 642 bytes
 Html/images/pic1.png                               |  Bin 0 -> 32009 bytes
 Html/images/pic2.png                               |  Bin 0 -> 29838 bytes
 Html/images/pic3.png                               |  Bin 0 -> 35673 bytes
 Html/images/shape-1.png                            |  Bin 0 -> 219 bytes
 Html/images/shape-1@2x.png                         |  Bin 0 -> 314 bytes
 Html/images/shape-1@3x.png                         |  Bin 0 -> 384 bytes
 Html/images/shape-2.png                            |  Bin 0 -> 185 bytes
 Html/images/shape-2.svg                            |    3 +
 Html/images/sp-arrow-down.png                      |  Bin 0 -> 164 bytes
 Html/images/step-arrow-1-copy-2.png                |  Bin 0 -> 450 bytes
 Html/images/step-arrow-1-copy-2@2x.png             |  Bin 0 -> 1031 bytes
 Html/images/step-arrow-1-copy-2@3x.png             |  Bin 0 -> 1784 bytes
 Html/images/step-arrow-1-copy.png                  |  Bin 0 -> 442 bytes
 Html/images/step-arrow-1-copy@2x.png               |  Bin 0 -> 1048 bytes
 Html/images/step-arrow-1-copy@3x.png               |  Bin 0 -> 1789 bytes
 Html/images/step-arrow-1.png                       |  Bin 0 -> 450 bytes
 Html/images/step-arrow-1@2x.png                    |  Bin 0 -> 1031 bytes
 Html/images/step-arrow-1@3x.png                    |  Bin 0 -> 1784 bytes
 Html/images/the-best-img-1.png                     |  Bin 0 -> 7483 bytes
 Html/images/uparrow.svg                            |    3 +
 Html/images/user.png                               |  Bin 0 -> 579 bytes
 Html/images/white-logo-transparent-background.png  |  Bin 0 -> 1422 bytes
 .../white-logo-transparent-background@2x.png       |  Bin 0 -> 4640 bytes
 .../white-logo-transparent-background@3x.png       |  Bin 0 -> 8702 bytes
 Html/js/Upcoming.js                                |   72 +
 Html/js/dashh.js                                   |  404 ++++++
 142 files changed, 11689 insertions(+)
 create mode 100644 Database/SQL_Schema.xlsx
 create mode 100644 Database/SqlSchemaQueries.sql
 create mode 100644 Database/txt.txt
 create mode 100644 HelperLand/txt.txt
 create mode 100644 Html/About.html
 create mode 100644 Html/ContactUs.html
 create mode 100644 Html/Prices.html
 create mode 100644 Html/ServiceDashboard.html
 create mode 100644 Html/ServiceProvider.html
 create mode 100644 Html/ServiceRequests.html
 create mode 100644 Html/Upcoming.html
 create mode 100644 Html/UserManagement.html
 create mode 100644 Html/css/About.css
 create mode 100644 Html/css/Contact.css
 create mode 100644 Html/css/Prices.css
 create mode 100644 Html/css/ServiceDashboard.css
 create mode 100644 Html/css/ServiceProvider.css
 create mode 100644 Html/css/ServiceRequests.css
 create mode 100644 Html/css/Upcoming.css
 create mode 100644 Html/css/faqstyle.css
 create mode 100644 Html/css/homestyle.css
 create mode 100644 Html/css/manage.css
 create mode 100644 Html/faq.html
 create mode 100644 Html/homepage.html
 create mode 100644 Html/images/101.png
 create mode 100644 Html/images/201.png
 create mode 100644 Html/images/22.png
 create mode 100644 Html/images/222.png
 create mode 100644 Html/images/301.png
 create mode 100644 Html/images/33.png
 create mode 100644 Html/images/333.png
 create mode 100644 Html/images/401.png
 create mode 100644 Html/images/501.png
 create mode 100644 Html/images/55.png
 create mode 100644 Html/images/555.png
 create mode 100644 Html/images/601.png
 create mode 100644 Html/images/66.png
 create mode 100644 Html/images/666.png
 create mode 100644 Html/images/701.png
 create mode 100644 Html/images/77.png
 create mode 100644 Html/images/777.png
 create mode 100644 Html/images/801.png
 create mode 100644 Html/images/88.png
 create mode 100644 Html/images/888.png
 create mode 100644 Html/images/about-top.jpg
 create mode 100644 Html/images/addNew.png
 create mode 100644 Html/images/admin-user.png
 create mode 100644 Html/images/arr.png
 create mode 100644 Html/images/background.jpg
 create mode 100644 Html/images/bell.png
 create mode 100644 Html/images/blog-bg.png
 create mode 100644 Html/images/blog-left-bg.png
 create mode 100644 Html/images/blog-right-bg.png
 create mode 100644 Html/images/cal.png
 create mode 100644 Html/images/calculator.png
 create mode 100644 Html/images/calender.png
 create mode 100644 Html/images/cap.png
 create mode 100644 Html/images/captcha.png
 create mode 100644 Html/images/clock.png
 create mode 100644 Html/images/ellipse-525.png
 create mode 100644 Html/images/ellipse-525@2x.png
 create mode 100644 Html/images/ellipse-525@3x.png
 create mode 100644 Html/images/facebook.svg
 create mode 100644 Html/images/faq-banner.png
 create mode 100644 Html/images/favicon_img.png
 create mode 100644 Html/images/flag.png
 create mode 100644 Html/images/flag@2x.png
 create mode 100644 Html/images/flag@3x.png
 create mode 100644 Html/images/forma-1-1.png
 create mode 100644 Html/images/forma-1-copy-10(1).svg
 create mode 100644 Html/images/forma-1-copy-5.png
 create mode 100644 Html/images/forma-1-copy.png
 create mode 100644 Html/images/forma-1-copy@2x.png
 create mode 100644 Html/images/forma-1-copy@3x.png
 create mode 100644 Html/images/forma-1-tick.png
 create mode 100644 Html/images/forma-1.png
 create mode 100644 Html/images/forma-1@2x-1.png
 create mode 100644 Html/images/forma-1@2x.png
 create mode 100644 Html/images/forma-1@3x-1.png
 create mode 100644 Html/images/forma-1@3x.png
 create mode 100644 Html/images/group-100.png
 create mode 100644 Html/images/group-16.png
 create mode 100644 Html/images/group-18.png
 create mode 100644 Html/images/group-18_5.png
 create mode 100644 Html/images/group-22.png
 create mode 100644 Html/images/group-22@2x.png
 create mode 100644 Html/images/group-22@3x.png
 create mode 100644 Html/images/group-23.png
 create mode 100644 Html/images/group-24.png
 create mode 100644 Html/images/group-28.png
 create mode 100644 Html/images/group-29.png
 create mode 100644 Html/images/group-30.png
 create mode 100644 Html/images/group-31.png
 create mode 100644 Html/images/group-32.png
 create mode 100644 Html/images/group-33.png
 create mode 100644 Html/images/group-35.png
 create mode 100644 Html/images/group-35@2x.png
 create mode 100644 Html/images/group-35@3x.png
 create mode 100644 Html/images/group-36.png
 create mode 100644 Html/images/helper-img-1-1.png
 create mode 100644 Html/images/helper-img-1.png
 create mode 100644 Html/images/home.png
 create mode 100644 Html/images/ic-facebook.png
 create mode 100644 Html/images/ic-instagram.png
 create mode 100644 Html/images/instagram.svg
 create mode 100644 Html/images/invoice.png
 create mode 100644 Html/images/keyboard-right-arrow-button-copy.png
 create mode 100644 Html/images/keyboard-right-arrow-button.png
 create mode 100644 Html/images/layer-598.png
 create mode 100644 Html/images/lineee.png
 create mode 100644 Html/images/locationn.png
 create mode 100644 Html/images/logout.png
 create mode 100644 Html/images/mapp.png
 create mode 100644 Html/images/message.png
 create mode 100644 Html/images/msgg.png
 create mode 100644 Html/images/phonecall.png
 create mode 100644 Html/images/pic1.png
 create mode 100644 Html/images/pic2.png
 create mode 100644 Html/images/pic3.png
 create mode 100644 Html/images/shape-1.png
 create mode 100644 Html/images/shape-1@2x.png
 create mode 100644 Html/images/shape-1@3x.png
 create mode 100644 Html/images/shape-2.png
 create mode 100644 Html/images/shape-2.svg
 create mode 100644 Html/images/sp-arrow-down.png
 create mode 100644 Html/images/step-arrow-1-copy-2.png
 create mode 100644 Html/images/step-arrow-1-copy-2@2x.png
 create mode 100644 Html/images/step-arrow-1-copy-2@3x.png
 create mode 100644 Html/images/step-arrow-1-copy.png
 create mode 100644 Html/images/step-arrow-1-copy@2x.png
 create mode 100644 Html/images/step-arrow-1-copy@3x.png
 create mode 100644 Html/images/step-arrow-1.png
 create mode 100644 Html/images/step-arrow-1@2x.png
 create mode 100644 Html/images/step-arrow-1@3x.png
 create mode 100644 Html/images/the-best-img-1.png
 create mode 100644 Html/images/uparrow.svg
 create mode 100644 Html/images/user.png
 create mode 100644 Html/images/white-logo-transparent-background.png
 create mode 100644 Html/images/white-logo-transparent-background@2x.png
 create mode 100644 Html/images/white-logo-transparent-background@3x.png
 create mode 100644 Html/js/Upcoming.js
 create mode 100644 Html/js/dashh.js

C:\Users\djay1\Desktop\Project>git push origin main
error: src refspec main does not match any
error: failed to push some refs to 'https://github.com/djay1326/HelperLand-All'

C:\Users\djay1\Desktop\Project>git push
fatal: The current branch master has no upstream branch.
To push the current branch and set the remote as upstream, use

    git push --set-upstream origin master


C:\Users\djay1\Desktop\Project>git push -u origin main
error: src refspec main does not match any
error: failed to push some refs to 'https://github.com/djay1326/HelperLand-All'

C:\Users\djay1\Desktop\Project>git commit -m "Static pages integration"
On branch master
Changes not staged for commit:
  (use "git add/rm <file>..." to update what will be committed)
  (use "git restore <file>..." to discard changes in working directory)
        deleted:    HelperLand/txt.txt

no changes added to commit (use "git add" and/or "git commit -a")

C:\Users\djay1\Desktop\Project>git commit -main "Static pages integration"
error: pathspec 'Static pages integration' did not match any file(s) known to git

C:\Users\djay1\Desktop\Project>git push
fatal: The current branch master has no upstream branch.
To push the current branch and set the remote as upstream, use

    git push --set-upstream origin master


C:\Users\djay1\Desktop\Project>git push -u origin main
error: src refspec main does not match any
error: failed to push some refs to 'https://github.com/djay1326/HelperLand-All'

C:\Users\djay1\Desktop\Project>git push -u origin master
Select an authentication method for 'https://github.com/':
  1. Web browser (default)
  2. Personal access token
option (enter for default): 1
info: please complete authentication in your browser...

C:\Users\djay1\Desktop\Project>git push -u origin master
Select an authentication method for 'https://github.com/':
  1. Web browser (default)
  2. Personal access token
option (enter for default): 1
info: please complete authentication in your browser...
Enumerating objects: 463, done.
Counting objects: 100% (463/463), done.
Delta compression using up to 4 threads
Compressing objects: 100% (436/436), done.
Writing objects: 100% (462/462), 20.23 MiB | 341.00 KiB/s, done.
Total 462 (delta 86), reused 108 (delta 0), pack-reused 0
remote: Resolving deltas: 100% (86/86), done.
remote:
remote: Create a pull request for 'master' on GitHub by visiting:
remote:      https://github.com/djay1326/HelperLand-All/pull/new/master
remote:
To https://github.com/djay1326/HelperLand-All
 * [new branch]      master -> master
Branch 'master' set up to track remote branch 'master' from 'origin'.

C:\Users\djay1\Desktop\Project>git pull -u origin master
error: unknown switch `u'
usage: git pull [<options>] [<repository> [<refspec>...]]

    -v, --verbose         be more verbose
    -q, --quiet           be more quiet
    --progress            force progress reporting
    --recurse-submodules[=<on-demand>]
                          control for recursive fetching of submodules

Options related to merging
    -r, --rebase[=(false|true|merges|preserve|interactive)]
                          incorporate changes by rebasing rather than merging
    -n                    do not show a diffstat at the end of the merge
    --stat                show a diffstat at the end of the merge
    --log[=<n>]           add (at most <n>) entries from shortlog to merge commit message
    --signoff[=...]       add a Signed-off-by trailer
    --squash              create a single commit instead of doing a merge
    --commit              perform a commit if the merge succeeds (default)
    --edit                edit message before committing
    --cleanup <mode>      how to strip spaces and #comments from message
    --ff                  allow fast-forward
    --ff-only             abort if fast-forward is not possible
    --verify-signatures   verify that the named commit has a valid GPG signature
    --autostash           automatically stash/stash pop before and after
    -s, --strategy <strategy>
                          merge strategy to use
    -X, --strategy-option <option=value>
                          option for selected merge strategy
    -S, --gpg-sign[=<key-id>]
                          GPG sign commit
    --allow-unrelated-histories
                          allow merging unrelated histories

Options related to fetching
    --all                 fetch from all remotes
    -a, --append          append to .git/FETCH_HEAD instead of overwriting
    --upload-pack <path>  path to upload pack on remote end
    -f, --force           force overwrite of local branch
    -t, --tags            fetch all tags and associated objects
    -p, --prune           prune remote-tracking branches no longer on remote
    -j, --jobs[=<n>]      number of submodules pulled in parallel
    --dry-run             dry run
    -k, --keep            keep downloaded pack
    --depth <depth>       deepen history of shallow clone
    --shallow-since <time>
                          deepen history of shallow repository based on time
    --shallow-exclude <revision>
                          deepen history of shallow clone, excluding rev
    --deepen <n>          deepen history of shallow clone
    --unshallow           convert to a complete repository
    --update-shallow      accept refs that update .git/shallow
    --refmap <refmap>     specify fetch refmap
    -o, --server-option <server-specific>
                          option to transmit
    -4, --ipv4            use IPv4 addresses only
    -6, --ipv6            use IPv6 addresses only
    --negotiation-tip <revision>
                          report that we have only objects reachable from this object
    --show-forced-updates
                          check for forced-updates on all updated branches
    --set-upstream        set upstream for git pull/fetch


C:\Users\djay1\Desktop\Project>git pull origin master
From https://github.com/djay1326/HelperLand-All
 * branch            master     -> FETCH_HEAD
Already up to date.

C:\Users\djay1\Desktop\Project>git push origin master
Everything up-to-date

C:\Users\djay1\Desktop\Project>git add .

C:\Users\djay1\Desktop\Project>git commit -m "test"
[master 1f50417] test
 1 file changed, 1 deletion(-)
 delete mode 100644 HelperLand/txt.txt

C:\Users\djay1\Desktop\Project>git pull origin master
From https://github.com/djay1326/HelperLand-All
 * branch            master     -> FETCH_HEAD
Already up to date.

C:\Users\djay1\Desktop\Project>git push origin master
Enumerating objects: 3, done.
Counting objects: 100% (3/3), done.
Delta compression using up to 4 threads
Compressing objects: 100% (2/2), done.
Writing objects: 100% (2/2), 237 bytes | 237.00 KiB/s, done.
Total 2 (delta 1), reused 0 (delta 0), pack-reused 0
remote: Resolving deltas: 100% (1/1), completed with 1 local object.
To https://github.com/djay1326/HelperLand-All
   2b847fb..1f50417  master -> master

C:\Users\djay1\Desktop\Project>git commit -m "test"
On branch master
Your branch is up to date with 'origin/master'.

nothing to commit, working tree clean

C:\Users\djay1\Desktop\Project>git push origin master
Everything up-to-date

C:\Users\djay1\Desktop\Project>